$ vite build
[36mvite v8.0.8 [32mbuilding client environment for production...[36m[39m
[2Ktransforming...✓ 162 modules transformed.
rendering chunks...
computing gzip size...
admin/themes/default/js/dist/manifest.json                            7.15 kB │ gzip:  1.38 kB
admin/themes/default/js/dist/configuration.BURuz5zp.js                0.06 kB │ gzip:  0.07 kB
admin/themes/default/js/dist/moduleInit.DpnEC-JL.js                   0.21 kB │ gzip:  0.18 kB
admin/themes/default/js/dist/photos_add_applications.Ccashi7e.js      0.25 kB │ gzip:  0.21 kB
admin/themes/default/js/dist/languages_installed.CVDjLSWt.js          0.45 kB │ gzip:  0.33 kB
admin/themes/default/js/dist/themes_new.kDUAHvIN.js                   0.55 kB │ gzip:  0.34 kB
admin/themes/default/js/dist/permalinks.Dh23Ypv3.js                   0.60 kB │ gzip:  0.32 kB
admin/themes/default/js/dist/batch_manager_unit.D5LMhNPM.js           0.63 kB │ gzip:  0.39 kB
admin/themes/default/js/dist/site_manager.B12jVZ-A.js                 0.64 kB │ gzip:  0.41 kB
admin/themes/default/js/dist/helpPopin.CvOJq4uu.js                    0.70 kB │ gzip:  0.39 kB
admin/themes/default/js/dist/configuration_comments.DsfyLTl2.js       0.79 kB │ gzip:  0.37 kB
admin/themes/default/js/dist/element_set_ranks.BRBmgDyh.js            0.87 kB │ gzip:  0.46 kB
admin/themes/default/js/dist/menubar.D5yNBP93.js                      0.89 kB │ gzip:  0.45 kB
admin/themes/default/js/dist/album_notification.DbFBouD6.js           0.99 kB │ gzip:  0.46 kB
admin/themes/default/js/dist/maintenance_env.BTYawut1.js              1.01 kB │ gzip:  0.46 kB
admin/themes/default/js/dist/doubleSlider.P6AKvgRP.js                 1.06 kB │ gzip:  0.53 kB
admin/themes/default/js/dist/configuration_watermark.BHHkR4JZ.js      1.08 kB │ gzip:  0.44 kB
admin/themes/default/js/dist/admin.D6N8-rIr.js                        1.10 kB │ gzip:  0.55 kB
admin/themes/default/js/dist/cat_perm.C-4XRT10.js                     1.19 kB │ gzip:  0.52 kB
admin/themes/default/js/dist/chunk.CYGb-rZ9.js                        1.20 kB │ gzip:  0.66 kB
admin/themes/default/js/dist/comments.CicJhdqv.js                     1.26 kB │ gzip:  0.44 kB
admin/themes/default/js/dist/picture_formats.D173IsBX.js              1.26 kB │ gzip:  0.65 kB
admin/themes/default/js/dist/themes_installed.D8SWgmwY.js             1.44 kB │ gzip:  0.67 kB
admin/themes/default/js/dist/configuration_sizes.C3Cqmmus.js          1.50 kB │ gzip:  0.62 kB
admin/themes/default/js/dist/rating.BC1xNpIC.js                       1.51 kB │ gzip:  0.78 kB
admin/themes/default/js/dist/pwgws.B7frHZyW.js                        1.72 kB │ gzip:  0.79 kB
admin/themes/default/js/dist/album_selector.BYb9L0ib.js               1.80 kB │ gzip:  0.84 kB
admin/themes/default/js/dist/addAlbum.NPukO3Mv.js                     2.14 kB │ gzip:  0.86 kB
admin/themes/default/js/dist/pwgConfirm.BqhaAOCc.js                   2.20 kB │ gzip:  0.96 kB
admin/themes/default/js/dist/cat_search.CuPQxZcM.js                   2.53 kB │ gzip:  1.03 kB
admin/themes/default/js/dist/configuration_main.CB3awAPu.js           2.61 kB │ gzip:  0.95 kB
admin/themes/default/js/dist/common.DGTu4TGm.js                       4.13 kB │ gzip:  1.47 kB
admin/themes/default/js/dist/picture_modify.Dek1YFmb.js               4.19 kB │ gzip:  1.46 kB
admin/themes/default/js/dist/maintenance.BdA9flVb.js                  4.34 kB │ gzip:  1.46 kB
admin/themes/default/js/dist/updates_ext.BWlQEhES.js                  4.88 kB │ gzip:  1.82 kB
admin/themes/default/js/dist/LocalStorageCache.DlyG7PBI.js            4.95 kB │ gzip:  1.59 kB
admin/themes/default/js/dist/intro.D9gYHXzP.js                        5.66 kB │ gzip:  1.89 kB
admin/themes/default/js/dist/PwgTree.CUEKQ7HG.js                      5.75 kB │ gzip:  1.85 kB
admin/themes/default/js/dist/generate_video_thumbnails.Cg0fgE3C.js    5.88 kB │ gzip:  1.93 kB
admin/themes/default/js/dist/plugins_new.D3EsDOvh.js                  6.22 kB │ gzip:  2.12 kB
admin/themes/default/js/dist/site_update.BPX5B9cJ.js                  8.46 kB │ gzip:  2.71 kB
admin/themes/default/js/dist/cat_list.DRJBEOil.js                    10.37 kB │ gzip:  1.85 kB
admin/themes/default/js/dist/cat_modify.f0L4VYF2.js                  13.62 kB │ gzip:  2.75 kB
admin/themes/default/js/dist/user_activity.k_rL0oxr.js               14.13 kB │ gzip:  2.65 kB
admin/themes/default/js/dist/plugins_installated.DwApnXij.js         16.23 kB │ gzip:  3.04 kB
admin/themes/default/js/dist/history.DY0zhNWS.js                     18.33 kB │ gzip:  4.82 kB
admin/themes/default/js/dist/batchManagerGlobal.BDkqICyc.js          18.51 kB │ gzip:  4.02 kB
admin/themes/default/js/dist/albums.DwvPDFa4.js                      20.86 kB │ gzip:  4.67 kB
admin/themes/default/js/dist/tags._uyGN022.js                        22.73 kB │ gzip:  5.44 kB
admin/themes/default/js/dist/group_list.Dvpg9bUR.js                  26.42 kB │ gzip:  5.86 kB
admin/themes/default/js/dist/nouislider.DdmGCYcl.js                  27.53 kB │ gzip:  9.51 kB
admin/themes/default/js/dist/tippy.esm.DiIvNwzp.js                   35.09 kB │ gzip: 12.17 kB
admin/themes/default/js/dist/sortable.esm.DNz2pP2V.js                36.47 kB │ gzip: 12.63 kB
admin/themes/default/js/dist/picture_coi.BJpYxgYS.js                 38.65 kB │ gzip: 12.54 kB
admin/themes/default/js/dist/user_list.1tTaQmrX.js                   45.16 kB │ gzip:  9.24 kB
admin/themes/default/js/dist/datepicker.B61vAsaL.js                  52.02 kB │ gzip: 15.12 kB
admin/themes/default/js/dist/tom-select.complete.D3gD2YWE.js         53.81 kB │ gzip: 17.88 kB
admin/themes/default/js/dist/glightbox.min.B5Agi5cv.js               55.88 kB │ gzip: 15.40 kB
admin/themes/default/js/dist/photos_add_direct.D1kSpP3F.js          125.36 kB │ gzip: 40.61 kB
admin/themes/default/js/dist/rating_user.C54UtHju.js                197.54 kB │ gzip: 67.61 kB
admin/themes/default/js/dist/stats.CoSmzNzz.js                      236.53 kB │ gzip: 73.92 kB

[32m✓ built in 436ms[39m
